
> sanfaani-storeapi@1.0.0 dev
> nodemon server.js

[33m[nodemon] 3.1.14[39m
[33m[nodemon] to restart at any time, enter `rs`[39m
[33m[nodemon] watching path(s): *.*[39m
[33m[nodemon] watching extensions: js,mjs,cjs,json[39m
[32m[nodemon] starting `node server.js`[39m
◇ injected env (6) from .env // tip: ⌘ custom filepath { path: '/custom/path/.env' }
/home/ad/Documents/Sanfaani Repairs/sanfaani-storebackend/node_modules/.pnpm/path-to-regexp@8.4.2/node_modules/path-to-regexp/dist/index.js:108
                    throw new PathError(`Missing parameter name at index ${index}`, str);
                          ^

PathError [TypeError]: Missing parameter name at index 1: *; visit https://git.new/pathToRegexpError for info
    at consumeUntil (/home/ad/Documents/Sanfaani Repairs/sanfaani-storebackend/node_modules/.pnpm/path-to-regexp@8.4.2/node_modules/path-to-regexp/dist/index.js:108:27)
    at parse (/home/ad/Documents/Sanfaani Repairs/sanfaani-storebackend/node_modules/.pnpm/path-to-regexp@8.4.2/node_modules/path-to-regexp/dist/index.js:140:26)
    at process (/home/ad/Documents/Sanfaani Repairs/sanfaani-storebackend/node_modules/.pnpm/path-to-regexp@8.4.2/node_modules/path-to-regexp/dist/index.js:263:56)
    at pathToRegexp (/home/ad/Documents/Sanfaani Repairs/sanfaani-storebackend/node_modules/.pnpm/path-to-regexp@8.4.2/node_modules/path-to-regexp/dist/index.js:274:5)
    at Object.match (/home/ad/Documents/Sanfaani Repairs/sanfaani-storebackend/node_modules/.pnpm/path-to-regexp@8.4.2/node_modules/path-to-regexp/dist/index.js:225:30)
    at matcher (/home/ad/Documents/Sanfaani Repairs/sanfaani-storebackend/node_modules/.pnpm/router@2.2.0_supports-color@5.5.0/node_modules/router/lib/layer.js:86:23)
    at new Layer (/home/ad/Documents/Sanfaani Repairs/sanfaani-storebackend/node_modules/.pnpm/router@2.2.0_supports-color@5.5.0/node_modules/router/lib/layer.js:93:62)
    at router.route (/home/ad/Documents/Sanfaani Repairs/sanfaani-storebackend/node_modules/.pnpm/router@2.2.0_supports-color@5.5.0/node_modules/router/index.js:428:17)
    at app.route (/home/ad/Documents/Sanfaani Repairs/sanfaani-storebackend/node_modules/.pnpm/express@5.2.1_supports-color@5.5.0/node_modules/express/lib/application.js:257:22)
    at app.all (/home/ad/Documents/Sanfaani Repairs/sanfaani-storebackend/node_modules/.pnpm/express@5.2.1_supports-color@5.5.0/node_modules/express/lib/application.js:495:20) {
  originalPath: '*'
}

Node.js v24.14.1
[31m[nodemon] app crashed - waiting for file changes before starting...[39m
[32m[nodemon] restarting due to changes...[39m
[32m[nodemon] starting `node server.js`[39m
◇ injected env (6) from .env // tip: ⌘ override existing { override: true }
/home/ad/Documents/Sanfaani Repairs/sanfaani-storebackend/node_modules/.pnpm/path-to-regexp@8.4.2/node_modules/path-to-regexp/dist/index.js:130
                throw new PathError(`Unexpected ${value} at index ${index - 1}`, str);
                      ^

PathError [TypeError]: Unexpected ( at index 0: (.*); visit https://git.new/pathToRegexpError for info
    at consumeUntil (/home/ad/Documents/Sanfaani Repairs/sanfaani-storebackend/node_modules/.pnpm/path-to-regexp@8.4.2/node_modules/path-to-regexp/dist/index.js:130:23)
    at parse (/home/ad/Documents/Sanfaani Repairs/sanfaani-storebackend/node_modules/.pnpm/path-to-regexp@8.4.2/node_modules/path-to-regexp/dist/index.js:140:26)
    at process (/home/ad/Documents/Sanfaani Repairs/sanfaani-storebackend/node_modules/.pnpm/path-to-regexp@8.4.2/node_modules/path-to-regexp/dist/index.js:263:56)
    at pathToRegexp (/home/ad/Documents/Sanfaani Repairs/sanfaani-storebackend/node_modules/.pnpm/path-to-regexp@8.4.2/node_modules/path-to-regexp/dist/index.js:274:5)
    at Object.match (/home/ad/Documents/Sanfaani Repairs/sanfaani-storebackend/node_modules/.pnpm/path-to-regexp@8.4.2/node_modules/path-to-regexp/dist/index.js:225:30)
    at matcher (/home/ad/Documents/Sanfaani Repairs/sanfaani-storebackend/node_modules/.pnpm/router@2.2.0_supports-color@5.5.0/node_modules/router/lib/layer.js:86:23)
    at new Layer (/home/ad/Documents/Sanfaani Repairs/sanfaani-storebackend/node_modules/.pnpm/router@2.2.0_supports-color@5.5.0/node_modules/router/lib/layer.js:93:62)
    at router.route (/home/ad/Documents/Sanfaani Repairs/sanfaani-storebackend/node_modules/.pnpm/router@2.2.0_supports-color@5.5.0/node_modules/router/index.js:428:17)
    at app.route (/home/ad/Documents/Sanfaani Repairs/sanfaani-storebackend/node_modules/.pnpm/express@5.2.1_supports-color@5.5.0/node_modules/express/lib/application.js:257:22)
    at app.all (/home/ad/Documents/Sanfaani Repairs/sanfaani-storebackend/node_modules/.pnpm/express@5.2.1_supports-color@5.5.0/node_modules/express/lib/application.js:495:20) {
  originalPath: '(.*)'
}

Node.js v24.14.1
[31m[nodemon] app crashed - waiting for file changes before starting...[39m
[32m[nodemon] restarting due to changes...[39m
[32m[nodemon] starting `node server.js`[39m
[32m[nodemon] restarting due to changes...[39m
[32m[nodemon] starting `node server.js`[39m
◇ injected env (6) from .env // tip: ⌘ override existing { override: true }
/home/ad/Documents/Sanfaani Repairs/sanfaani-storebackend/node_modules/.pnpm/path-to-regexp@8.4.2/node_modules/path-to-regexp/dist/index.js:108
                    throw new PathError(`Missing parameter name at index ${index}`, str);
                          ^

PathError [TypeError]: Missing parameter name at index 8: /{path}*; visit https://git.new/pathToRegexpError for info
    at consumeUntil (/home/ad/Documents/Sanfaani Repairs/sanfaani-storebackend/node_modules/.pnpm/path-to-regexp@8.4.2/node_modules/path-to-regexp/dist/index.js:108:27)
    at parse (/home/ad/Documents/Sanfaani Repairs/sanfaani-storebackend/node_modules/.pnpm/path-to-regexp@8.4.2/node_modules/path-to-regexp/dist/index.js:140:26)
    at process (/home/ad/Documents/Sanfaani Repairs/sanfaani-storebackend/node_modules/.pnpm/path-to-regexp@8.4.2/node_modules/path-to-regexp/dist/index.js:263:56)
    at pathToRegexp (/home/ad/Documents/Sanfaani Repairs/sanfaani-storebackend/node_modules/.pnpm/path-to-regexp@8.4.2/node_modules/path-to-regexp/dist/index.js:274:5)
    at Object.match (/home/ad/Documents/Sanfaani Repairs/sanfaani-storebackend/node_modules/.pnpm/path-to-regexp@8.4.2/node_modules/path-to-regexp/dist/index.js:225:30)
    at matcher (/home/ad/Documents/Sanfaani Repairs/sanfaani-storebackend/node_modules/.pnpm/router@2.2.0_supports-color@5.5.0/node_modules/router/lib/layer.js:86:23)
    at new Layer (/home/ad/Documents/Sanfaani Repairs/sanfaani-storebackend/node_modules/.pnpm/router@2.2.0_supports-color@5.5.0/node_modules/router/lib/layer.js:93:62)
    at router.route (/home/ad/Documents/Sanfaani Repairs/sanfaani-storebackend/node_modules/.pnpm/router@2.2.0_supports-color@5.5.0/node_modules/router/index.js:428:17)
    at app.route (/home/ad/Documents/Sanfaani Repairs/sanfaani-storebackend/node_modules/.pnpm/express@5.2.1_supports-color@5.5.0/node_modules/express/lib/application.js:257:22)
    at app.all (/home/ad/Documents/Sanfaani Repairs/sanfaani-storebackend/node_modules/.pnpm/express@5.2.1_supports-color@5.5.0/node_modules/express/lib/application.js:495:20) {
  originalPath: '/{path}*'
}

Node.js v24.14.1
[31m[nodemon] app crashed - waiting for file changes before starting...[39m
[32m[nodemon] restarting due to changes...[39m
[32m[nodemon] starting `node server.js`[39m
[32m[nodemon] restarting due to changes...[39m
[32m[nodemon] starting `node server.js`[39m
◇ injected env (6) from .env // tip: ⌘ suppress logs { quiet: true }
/home/ad/Documents/Sanfaani Repairs/sanfaani-storebackend/node_modules/.pnpm/path-to-regexp@8.4.2/node_modules/path-to-regexp/dist/index.js:108
                    throw new PathError(`Missing parameter name at index ${index}`, str);
                          ^

PathError [TypeError]: Missing parameter name at index 7: /:path*; visit https://git.new/pathToRegexpError for info
    at consumeUntil (/home/ad/Documents/Sanfaani Repairs/sanfaani-storebackend/node_modules/.pnpm/path-to-regexp@8.4.2/node_modules/path-to-regexp/dist/index.js:108:27)
    at parse (/home/ad/Documents/Sanfaani Repairs/sanfaani-storebackend/node_modules/.pnpm/path-to-regexp@8.4.2/node_modules/path-to-regexp/dist/index.js:140:26)
    at process (/home/ad/Documents/Sanfaani Repairs/sanfaani-storebackend/node_modules/.pnpm/path-to-regexp@8.4.2/node_modules/path-to-regexp/dist/index.js:263:56)
    at pathToRegexp (/home/ad/Documents/Sanfaani Repairs/sanfaani-storebackend/node_modules/.pnpm/path-to-regexp@8.4.2/node_modules/path-to-regexp/dist/index.js:274:5)
    at Object.match (/home/ad/Documents/Sanfaani Repairs/sanfaani-storebackend/node_modules/.pnpm/path-to-regexp@8.4.2/node_modules/path-to-regexp/dist/index.js:225:30)
    at matcher (/home/ad/Documents/Sanfaani Repairs/sanfaani-storebackend/node_modules/.pnpm/router@2.2.0_supports-color@5.5.0/node_modules/router/lib/layer.js:86:23)
    at new Layer (/home/ad/Documents/Sanfaani Repairs/sanfaani-storebackend/node_modules/.pnpm/router@2.2.0_supports-color@5.5.0/node_modules/router/lib/layer.js:93:62)
    at router.route (/home/ad/Documents/Sanfaani Repairs/sanfaani-storebackend/node_modules/.pnpm/router@2.2.0_supports-color@5.5.0/node_modules/router/index.js:428:17)
    at app.route (/home/ad/Documents/Sanfaani Repairs/sanfaani-storebackend/node_modules/.pnpm/express@5.2.1_supports-color@5.5.0/node_modules/express/lib/application.js:257:22)
    at app.all (/home/ad/Documents/Sanfaani Repairs/sanfaani-storebackend/node_modules/.pnpm/express@5.2.1_supports-color@5.5.0/node_modules/express/lib/application.js:495:20) {
  originalPath: '/:path*'
}

Node.js v24.14.1
[31m[nodemon] app crashed - waiting for file changes before starting...[39m
[32m[nodemon] restarting due to changes...[39m
[32m[nodemon] starting `node server.js`[39m
◇ injected env (6) from .env // tip: ◈ secrets for agents [www.dotenvx.com]
/home/ad/Documents/Sanfaani Repairs/sanfaani-storebackend/node_modules/.pnpm/path-to-regexp@8.4.2/node_modules/path-to-regexp/dist/index.js:108
                    throw new PathError(`Missing parameter name at index ${index}`, str);
                          ^

PathError [TypeError]: Missing parameter name at index 7: /:path*; visit https://git.new/pathToRegexpError for info
    at consumeUntil (/home/ad/Documents/Sanfaani Repairs/sanfaani-storebackend/node_modules/.pnpm/path-to-regexp@8.4.2/node_modules/path-to-regexp/dist/index.js:108:27)
    at parse (/home/ad/Documents/Sanfaani Repairs/sanfaani-storebackend/node_modules/.pnpm/path-to-regexp@8.4.2/node_modules/path-to-regexp/dist/index.js:140:26)
    at process (/home/ad/Documents/Sanfaani Repairs/sanfaani-storebackend/node_modules/.pnpm/path-to-regexp@8.4.2/node_modules/path-to-regexp/dist/index.js:263:56)
    at pathToRegexp (/home/ad/Documents/Sanfaani Repairs/sanfaani-storebackend/node_modules/.pnpm/path-to-regexp@8.4.2/node_modules/path-to-regexp/dist/index.js:274:5)
    at Object.match (/home/ad/Documents/Sanfaani Repairs/sanfaani-storebackend/node_modules/.pnpm/path-to-regexp@8.4.2/node_modules/path-to-regexp/dist/index.js:225:30)
    at matcher (/home/ad/Documents/Sanfaani Repairs/sanfaani-storebackend/node_modules/.pnpm/router@2.2.0_supports-color@5.5.0/node_modules/router/lib/layer.js:86:23)
    at new Layer (/home/ad/Documents/Sanfaani Repairs/sanfaani-storebackend/node_modules/.pnpm/router@2.2.0_supports-color@5.5.0/node_modules/router/lib/layer.js:93:62)
    at router.route (/home/ad/Documents/Sanfaani Repairs/sanfaani-storebackend/node_modules/.pnpm/router@2.2.0_supports-color@5.5.0/node_modules/router/index.js:428:17)
    at app.route (/home/ad/Documents/Sanfaani Repairs/sanfaani-storebackend/node_modules/.pnpm/express@5.2.1_supports-color@5.5.0/node_modules/express/lib/application.js:257:22)
    at app.all (/home/ad/Documents/Sanfaani Repairs/sanfaani-storebackend/node_modules/.pnpm/express@5.2.1_supports-color@5.5.0/node_modules/express/lib/application.js:495:20) {
  originalPath: '/:path*'
}

Node.js v24.14.1
[31m[nodemon] app crashed - waiting for file changes before starting...[39m
[32m[nodemon] restarting due to changes...[39m
[32m[nodemon] starting `node server.js`[39m
◇ injected env (6) from .env // tip: ⌘ override existing { override: true }
✅ MongoDB connected successfully
🚀 Server running on http://localhost:5000 in development mode
[32m[nodemon] restarting due to changes...[39m
[32m[nodemon] starting `node server.js`[39m
◇ injected env (6) from .env // tip: ⌘ suppress logs { quiet: true }
[32m[nodemon] restarting due to changes...[39m
[32m[nodemon] restarting due to changes...[39m
[32m[nodemon] starting `node server.js`[39m
◇ injected env (6) from .env // tip: ◈ secrets for agents [www.dotenvx.com]
[32m[nodemon] restarting due to changes...[39m
[32m[nodemon] starting `node server.js`[39m
◇ injected env (6) from .env // tip: ⌘ custom filepath { path: '/custom/path/.env' }
/home/ad/Documents/Sanfaani Repairs/sanfaani-storebackend/node_modules/.pnpm/path-to-regexp@8.4.2/node_modules/path-to-regexp/dist/index.js:108
                    throw new PathError(`Missing parameter name at index ${index}`, str);
                          ^

PathError [TypeError]: Missing parameter name at index 1: *; visit https://git.new/pathToRegexpError for info
    at consumeUntil (/home/ad/Documents/Sanfaani Repairs/sanfaani-storebackend/node_modules/.pnpm/path-to-regexp@8.4.2/node_modules/path-to-regexp/dist/index.js:108:27)
    at parse (/home/ad/Documents/Sanfaani Repairs/sanfaani-storebackend/node_modules/.pnpm/path-to-regexp@8.4.2/node_modules/path-to-regexp/dist/index.js:140:26)
    at process (/home/ad/Documents/Sanfaani Repairs/sanfaani-storebackend/node_modules/.pnpm/path-to-regexp@8.4.2/node_modules/path-to-regexp/dist/index.js:263:56)
    at pathToRegexp (/home/ad/Documents/Sanfaani Repairs/sanfaani-storebackend/node_modules/.pnpm/path-to-regexp@8.4.2/node_modules/path-to-regexp/dist/index.js:274:5)
    at Object.match (/home/ad/Documents/Sanfaani Repairs/sanfaani-storebackend/node_modules/.pnpm/path-to-regexp@8.4.2/node_modules/path-to-regexp/dist/index.js:225:30)
    at matcher (/home/ad/Documents/Sanfaani Repairs/sanfaani-storebackend/node_modules/.pnpm/router@2.2.0_supports-color@5.5.0/node_modules/router/lib/layer.js:86:23)
    at new Layer (/home/ad/Documents/Sanfaani Repairs/sanfaani-storebackend/node_modules/.pnpm/router@2.2.0_supports-color@5.5.0/node_modules/router/lib/layer.js:93:62)
    at router.route (/home/ad/Documents/Sanfaani Repairs/sanfaani-storebackend/node_modules/.pnpm/router@2.2.0_supports-color@5.5.0/node_modules/router/index.js:428:17)
    at app.route (/home/ad/Documents/Sanfaani Repairs/sanfaani-storebackend/node_modules/.pnpm/express@5.2.1_supports-color@5.5.0/node_modules/express/lib/application.js:257:22)
    at app.all (/home/ad/Documents/Sanfaani Repairs/sanfaani-storebackend/node_modules/.pnpm/express@5.2.1_supports-color@5.5.0/node_modules/express/lib/application.js:495:20) {
  originalPath: '*'
}

Node.js v24.14.1
[31m[nodemon] app crashed - waiting for file changes before starting...[39m
[32m[nodemon] restarting due to changes...[39m
[32m[nodemon] starting `node server.js`[39m
◇ injected env (6) from .env // tip: ⌘ override existing { override: true }
✅ MongoDB connected successfully
🚀 Server running on http://localhost:5000 in development mode
